// Jest Snapshot v1, https://goo.gl/fbAQLP

exports[`Feed renders correctly 1`] = `
<div
  className="feed"
>
  <div
    className="feed__item"
  >
    <div
      className="feed__item-meta"
    >
      <time
        className="feed__item-meta-time"
        dateTime="September 1, 2016"
      >
        September 2016
      </time>
      <span
        className="feed__item-meta-divider"
      />
    </div>
    <h2
      className="feed__item-title"
    >
      <a
        className="feed__item-title-link"
        href="/test_0"
      >
        test_0
      </a>
    </h2>
    <p
      className="feed__item-description"
    >
      test_0
    </p>
  </div>
  <div
    className="feed__item"
  >
    <div
      className="feed__item-meta"
    >
      <time
        className="feed__item-meta-time"
        dateTime="September 1, 2016"
      >
        September 2016
      </time>
      <span
        className="feed__item-meta-divider"
      />
    </div>
    <h2
      className="feed__item-title"
    >
      <a
        className="feed__item-title-link"
        href="/test_1"
      >
        test_1
      </a>
    </h2>
    <p
      className="feed__item-description"
    >
      test_1
    </p>
  </div>
</div>
`;
